C:\Program Files\Microsoft Visual Studio\2022\Community\Msbuild\Microsoft\VC\v170\Microsoft.CppBuild.targets(1129,5): warning MSB8027: 名为 main.cpp 的两个或更多文件将生成到同一位置的输出。这会导致错误的生成结果。   调用的文件是 app\gui\main.cpp, app\main.cpp。
  Config.cpp
  ConnectionCode.cpp
  ControlChannel.cpp
  RoomRegistry.cpp
  main.cpp
  HostAgentApp.cpp
E:\Desktop\云驿\app\gui\main.cpp(4,10): error C1083: 无法打开包括文件: “WebView2.h”: No such file or directory
  HttpApiRouter.cpp
  RelayApp.cpp
  AutoreleasePool.cpp
  Director.cpp
  FrameCodec.cpp
  FrameDispatcher.cpp
  PortPool.cpp
  Ref.cpp
  Scheduler.cpp
  Session.cpp
  TlsPskContext.cpp
  TransportCore.cpp
  TunnelManager.cpp
  正在生成代码...
