e:\desktop\云驿\云驿\x64\debug\vc143.pdb
e:\desktop\云驿\云驿\x64\debug\vc143.idb
e:\desktop\云驿\云驿\x64\debug\tunnelmanager.obj
e:\desktop\云驿\云驿\x64\debug\transportcore.obj
e:\desktop\云驿\云驿\x64\debug\tlspskcontext.obj
e:\desktop\云驿\云驿\x64\debug\session.obj
e:\desktop\云驿\云驿\x64\debug\scheduler.obj
e:\desktop\云驿\云驿\x64\debug\ref.obj
e:\desktop\云驿\云驿\x64\debug\portpool.obj
e:\desktop\云驿\云驿\x64\debug\netutil.obj
e:\desktop\云驿\云驿\x64\debug\framedispatcher.obj
e:\desktop\云驿\云驿\x64\debug\framecodec.obj
e:\desktop\云驿\云驿\x64\debug\director.obj
e:\desktop\云驿\云驿\x64\debug\autoreleasepool.obj
e:\desktop\云驿\云驿\x64\debug\relayapp.obj
e:\desktop\云驿\云驿\x64\debug\httpapirouter.obj
e:\desktop\云驿\云驿\x64\debug\hostagentapp.obj
e:\desktop\云驿\云驿\x64\debug\roomregistry.obj
e:\desktop\云驿\云驿\x64\debug\controlchannel.obj
e:\desktop\云驿\云驿\x64\debug\connectioncode.obj
e:\desktop\云驿\云驿\x64\debug\config.obj
e:\desktop\云驿\云驿\x64\debug\main.obj
e:\desktop\云驿\云驿\x64\debug\云驿.ilk
e:\desktop\云驿\x64\debug\云驿.pdb
e:\desktop\云驿\x64\debug\云驿.exe
e:\desktop\云驿\云驿\x64\debug\云驿.tlog\cl.command.1.tlog
e:\desktop\云驿\云驿\x64\debug\云驿.tlog\cl.items.tlog
e:\desktop\云驿\云驿\x64\debug\云驿.tlog\cl.read.1.tlog
e:\desktop\云驿\云驿\x64\debug\云驿.tlog\cl.write.1.tlog
e:\desktop\云驿\云驿\x64\debug\云驿.tlog\link.command.1.tlog
e:\desktop\云驿\云驿\x64\debug\云驿.tlog\link.read.1.tlog
e:\desktop\云驿\云驿\x64\debug\云驿.tlog\link.secondary.1.tlog
e:\desktop\云驿\云驿\x64\debug\云驿.tlog\link.write.1.tlog
