safeControlConnect: entry, ip=2408:826c:1359:678:fc47:bd50:b355:8e71 port=40000
safeControlConnect: calling cc->connect...
safeControlConnect: cc->connect returned 1
safeControlConnect: entry, ip=2408:826c:1359:678:fc47:bd50:b355:8e71 port=40000
safeControlConnect: calling cc->connect...
safeControlConnect: cc->connect returned 1
safeControlConnect: entry, ip=2408:826c:1359:678:fc47:bd50:b355:8e71 port=40000
safeControlConnect: calling cc->connect...
safeControlConnect: cc->connect returned 1
safeControlConnect: entry, ip=2408:826c:1359:678:fc47:bd50:b355:8e71 port=40000
safeControlConnect: calling cc->connect...
safeControlConnect: cc->connect returned 1
safeControlConnect: entry, ip=2408:826c:1359:678:fc47:bd50:b355:8e71 port=40000
safeControlConnect: calling cc->connect...
safeControlConnect: cc->connect returned 1
safeControlConnect: entry, ip=2408:826c:1359:678:fc47:bd50:b355:8e71 port=40000
safeControlConnect: calling cc->connect...
safeControlConnect: cc->connect returned 1
safeControlConnect: entry, ip=2408:826c:1359:678:fc47:bd50:b355:8e71 port=40000
safeControlConnect: calling cc->connect...
safeControlConnect: cc->connect returned 1
safeControlConnect: entry, ip=2408:826c:1359:678:fc47:bd50:b355:8e71 port=40000
safeControlConnect: calling cc->connect...
safeControlConnect: cc->connect returned 1
safeControlConnect: entry, ip=2408:826c:1359:678:fc47:bd50:b355:8e71 port=40000
safeControlConnect: calling cc->connect...
safeControlConnect: cc->connect returned 1
safeControlConnect: entry, ip=2408:826c:1359:678:fc47:bd50:b355:8e71 port=40000
safeControlConnect: calling cc->connect...
safeControlConnect: cc->connect returned 0
safeControlConnect: entry, ip=2408:826c:1359:678:fc47:bd50:b355:8e71 port=40000
safeControlConnect: calling cc->connect...
safeControlConnect: cc->connect returned 1
safeControlConnect: entry, ip=2408:826c:1359:678:fc47:bd50:b355:8e71 port=40000
safeControlConnect: calling cc->connect...
safeControlConnect: cc->connect returned 1
safeControlConnect: entry, ip=2408:826c:1359:678:fc47:bd50:b355:8e71 port=40000
safeControlConnect: calling cc->connect...
safeControlConnect: cc->connect returned 1
safeControlConnect: entry, ip=2408:826c:1359:678:fc47:bd50:b355:8e71 port=40000
safeControlConnect: calling cc->connect...
safeControlConnect: cc->connect returned 1
safeControlConnect: entry, ip=2408:826c:1359:678:fc47:bd50:b355:8e71 port=40000
safeControlConnect: calling cc->connect...
safeControlConnect: cc->connect returned 1
safeControlConnect: entry, ip=2408:826c:1359:678:fc47:bd50:b355:8e71 port=40000
safeControlConnect: calling cc->connect...
safeControlConnect: cc->connect returned 1
safeControlConnect: entry, ip=2408:826c:1359:678:fc47:bd50:b355:8e71 port=40000
safeControlConnect: calling cc->connect...
safeControlConnect: cc->connect returned 0
safeControlConnect: entry, ip=2408:826c:1359:678:fc47:bd50:b355:8e71 port=40000
safeControlConnect: calling cc->connect...
safeControlConnect: cc->connect returned 1
safeControlConnect: entry, ip=2408:826c:1359:678:fc47:bd50:b355:8e71 port=40000
safeControlConnect: calling cc->connect...
safeControlConnect: cc->connect returned 1
safeControlConnect: entry, ip=2408:826c:1359:678:fc47:bd50:b355:8e71 port=40000
safeControlConnect: calling cc->connect...
safeControlConnect: cc->connect returned 1
safeControlConnect: entry, ip=2408:826c:1359:678:fc47:bd50:b355:8e71 port=40000
safeControlConnect: calling cc->connect...
safeControlConnect: cc->connect returned 0
safeControlConnect: entry, ip=127.0.0.1 port=40000
safeControlConnect: calling cc->connect...
safeControlConnect: cc->connect returned 1
safeControlConnect: entry, ip=2408:826c:1359:678:fc47:bd50:b355:8e71 port=40000
safeControlConnect: calling cc->connect...
safeControlConnect: cc->connect returned 1
safeControlConnect: entry, ip=2408:826c:1359:678:fc47:bd50:b355:8e71 port=40000
safeControlConnect: calling cc->connect...
safeControlConnect: cc->connect returned 1
safeControlConnect: entry, ip=2408:826c:1359:678:fc47:bd50:b355:8e71 port=40000
safeControlConnect: calling cc->connect...
safeControlConnect: cc->connect returned 1
safeControlConnect: entry, ip=2408:826c:1359:678:fc47:bd50:b355:8e71 port=40000
safeControlConnect: calling cc->connect...
safeControlConnect: cc->connect returned 1
safeControlConnect: entry, ip=2408:826c:1359:678:fc47:bd50:b355:8e71 port=40000
safeControlConnect: calling cc->connect...
safeControlConnect: cc->connect returned 1
safeControlConnect: entry, ip=2408:826c:1359:678:fc47:bd50:b355:8e71 port=40000
safeControlConnect: calling cc->connect...
safeControlConnect: cc->connect returned 1
safeControlConnect: entry, ip=2408:826c:1359:678:fc47:bd50:b355:8e71 port=40000
safeControlConnect: calling cc->connect...
safeControlConnect: cc->connect returned 1
safeControlConnect: entry, ip=2408:826c:1359:678:fc47:bd50:b355:8e71 port=40000
safeControlConnect: calling cc->connect...
safeControlConnect: cc->connect returned 1
safeControlConnect: entry, ip=2408:826c:1359:678:fc47:bd50:b355:8e71 port=40000
safeControlConnect: calling cc->connect...
safeControlConnect: cc->connect returned 1
safeControlConnect: entry, ip=2408:826c:1359:678:fc47:bd50:b355:8e71 port=40000
safeControlConnect: calling cc->connect...
safeControlConnect: cc->connect returned 0
safeControlConnect: entry, ip=2408:826c:1359:678:fc47:bd50:b355:8e71 port=40000
safeControlConnect: calling cc->connect...
safeControlConnect: cc->connect returned 0
safeControlConnect: entry, ip=2408:826c:1359:678:fc47:bd50:b355:8e71 port=40000
safeControlConnect: calling cc->connect...
safeControlConnect: cc->connect returned 1
safeControlConnect: entry, ip=2408:826c:1359:678:fc47:bd50:b355:8e71 port=40000
safeControlConnect: calling cc->connect...
safeControlConnect: cc->connect returned 1
safeControlConnect: entry, ip=2408:826c:1359:678:6245:cbff:fe83:a320 port=40000
safeControlConnect: calling cc->connect...
safeControlConnect: cc->connect returned 1
safeControlConnect: entry, ip=2408:826c:1359:678:6245:cbff:fe83:a320 port=40000
safeControlConnect: calling cc->connect...
safeControlConnect: cc->connect returned 1
safeControlConnect: entry, ip=2408:826c:1359:678:fc47:bd50:b355:8e71 port=40000
safeControlConnect: calling cc->connect...
safeControlConnect: cc->connect returned 0
safeControlConnect: entry, ip=2408:826c:1359:678:6245:cbff:fe83:a320 port=40000
safeControlConnect: calling cc->connect...
safeControlConnect: cc->connect returned 1
safeControlConnect: entry, ip=2408:826c:1359:678:6245:cbff:fe83:a320 port=40000
safeControlConnect: calling cc->connect...
safeControlConnect: cc->connect returned 1
safeControlConnect: entry, ip=2408:826c:1359:678:6245:cbff:fe83:a320 port=40000
safeControlConnect: calling cc->connect...
safeControlConnect: cc->connect returned 0
safeControlConnect: entry, ip=2408:826c:1359:678:6245:cbff:fe83:a320 port=40000
safeControlConnect: calling cc->connect...
safeControlConnect: cc->connect returned 1
safeControlConnect: entry, ip=2408:826c:1359:678:6245:cbff:fe83:a320 port=40000
safeControlConnect: calling cc->connect...
safeControlConnect: cc->connect returned 1
safeControlConnect: entry, ip=2408:8469:ba20:eb3:5a57:544:c4e8:6d40 port=40000
safeControlConnect: calling cc->connect...
safeControlConnect: cc->connect returned 1
