e:\desktop\云驿\云驿\x64\release\vc143.pdb
e:\desktop\云驿\云驿\x64\release\relayapp.obj
e:\desktop\云驿\云驿\x64\release\httpapirouter.obj
e:\desktop\云驿\云驿\x64\release\hostagentapp.obj
e:\desktop\云驿\云驿\x64\release\roomregistry.obj
e:\desktop\云驿\云驿\x64\release\controlchannel.obj
e:\desktop\云驿\云驿\x64\release\connectioncode.obj
e:\desktop\云驿\云驿\x64\release\config.obj
e:\desktop\云驿\云驿\x64\release\tunnelmanager.obj
e:\desktop\云驿\云驿\x64\release\transportcore.obj
e:\desktop\云驿\云驿\x64\release\tlspskcontext.obj
e:\desktop\云驿\云驿\x64\release\session.obj
e:\desktop\云驿\云驿\x64\release\scheduler.obj
e:\desktop\云驿\云驿\x64\release\ref.obj
e:\desktop\云驿\云驿\x64\release\portpool.obj
e:\desktop\云驿\云驿\x64\release\netutil.obj
e:\desktop\云驿\云驿\x64\release\framedispatcher.obj
e:\desktop\云驿\云驿\x64\release\framecodec.obj
e:\desktop\云驿\云驿\x64\release\director.obj
e:\desktop\云驿\云驿\x64\release\autoreleasepool.obj
e:\desktop\云驿\云驿\x64\release\main.obj
e:\desktop\云驿\云驿\x64\release\云驿.ipdb
e:\desktop\云驿\云驿\x64\release\云驿.iobj
e:\desktop\云驿\x64\release\云驿.pdb
e:\desktop\云驿\云驿\x64\release\云驿.tlog\cl.command.1.tlog
e:\desktop\云驿\云驿\x64\release\云驿.tlog\cl.items.tlog
e:\desktop\云驿\云驿\x64\release\云驿.tlog\cl.read.1.tlog
e:\desktop\云驿\云驿\x64\release\云驿.tlog\cl.write.1.tlog
e:\desktop\云驿\云驿\x64\release\云驿.tlog\link.command.1.tlog
e:\desktop\云驿\云驿\x64\release\云驿.tlog\link.read.1.tlog
e:\desktop\云驿\云驿\x64\release\云驿.tlog\link.secondary.1.tlog
e:\desktop\云驿\云驿\x64\release\云驿.tlog\link.write.1.tlog
