========== yunyi HTTP log 2026-07-19 01:57:02 ==========
01:57:05 | GET /api/v1/ping | 200
01:57:05 | GET /api/v1/ping | 200
01:57:05 | POST /api/v1/rooms | 201 | body:{"roomName":"test"}
02:02:14 | GET / | 200
02:02:14 | GET /api/v1/ping | 200
02:02:14 | GET /api/v1/stats | 200
02:02:14 | GET /api/v1/rooms | 200
02:02:14 | GET /api/v1/config | 200
02:02:14 | GET /favicon.ico | 404
02:02:17 | GET /api/v1/stats | 200
02:02:17 | GET /api/v1/rooms | 200
02:02:17 | GET /api/v1/config | 200
02:02:20 | GET /api/v1/ping | 200
02:02:20 | GET /api/v1/stats | 200
02:02:20 | GET /api/v1/config | 200
02:02:20 | GET /api/v1/rooms | 200
02:02:21 | GET /api/v1/stats | 200
02:02:21 | GET /api/v1/config | 200
02:02:21 | GET /api/v1/rooms | 200
02:02:23 | GET /api/v1/stats | 200
02:02:23 | GET /api/v1/rooms | 200
02:02:23 | GET /api/v1/config | 200
02:02:24 | GET /api/v1/stats | 200
02:02:24 | GET /api/v1/config | 200
02:02:24 | GET /api/v1/rooms | 200
02:02:29 | GET /api/v1/stats | 200
02:02:29 | GET /api/v1/rooms | 200
02:02:29 | GET /api/v1/config | 200
02:02:34 | GET /api/v1/stats | 200
02:02:34 | GET /api/v1/rooms | 200
02:02:34 | GET /api/v1/config | 200
02:02:39 | GET /api/v1/stats | 200
02:02:39 | GET /api/v1/rooms | 200
02:02:39 | GET /api/v1/config | 200
02:02:39 | GET /api/v1/ping | 200
02:02:39 | OPTIONS /rooms | 404
02:02:43 | GET /api/v1/rooms/1/players | 200
02:02:44 | GET /api/v1/stats | 200
02:02:44 | GET /api/v1/config | 200
02:02:44 | GET /api/v1/rooms | 200
02:02:44 | GET /api/v1/rooms/1/players | 200
02:02:47 | GET /api/v1/stats | 200
02:02:47 | GET /api/v1/config | 200
02:02:47 | GET /api/v1/rooms | 200
02:02:48 | GET /api/v1/ping | 200
02:02:48 | OPTIONS /rooms | 404
02:02:49 | GET /api/v1/stats | 200
02:02:49 | GET /api/v1/rooms | 200
02:02:49 | GET /api/v1/config | 200
02:02:49 | GET /api/v1/ping | 200
02:02:49 | OPTIONS /rooms | 404
02:02:54 | GET /api/v1/stats | 200
02:02:54 | GET /api/v1/config | 200
02:02:54 | GET /api/v1/rooms | 200
02:02:55 | GET /api/v1/stats | 200
02:02:55 | GET /api/v1/rooms | 200
02:02:55 | GET /api/v1/config | 200
02:02:58 | GET /api/v1/stats | 200
02:02:58 | GET /api/v1/rooms | 200
02:02:58 | GET /api/v1/config | 200
02:02:59 | GET /api/v1/stats | 200
02:02:59 | GET /api/v1/rooms | 200
02:02:59 | GET /api/v1/config | 200
02:03:04 | GET /api/v1/stats | 200
02:03:04 | GET /api/v1/rooms | 200
02:03:04 | GET /api/v1/config | 200
02:03:09 | GET /api/v1/stats | 200
02:03:09 | GET /api/v1/config | 200
02:03:09 | GET /api/v1/rooms | 200
02:03:10 | GET /api/v1/ping | 200
02:03:10 | OPTIONS /rooms | 404
02:03:12 | GET /api/v1/ping | 200
02:03:12 | OPTIONS /rooms | 404
02:03:12 | GET /api/v1/ping | 200
02:03:12 | OPTIONS /rooms | 404
02:03:12 | GET /api/v1/ping | 200
02:03:12 | OPTIONS /rooms | 404
02:03:14 | GET /api/v1/stats | 200
02:03:14 | GET /api/v1/rooms | 200
02:03:14 | GET /api/v1/config | 200
02:03:15 | GET /api/v1/stats | 200
02:03:15 | GET /api/v1/config | 200
02:03:15 | GET /api/v1/rooms | 200
02:03:19 | GET /api/v1/stats | 200
02:03:19 | GET /api/v1/rooms | 200
02:03:19 | GET /api/v1/config | 200
02:03:24 | GET /api/v1/stats | 200
02:03:24 | GET /api/v1/rooms | 200
02:03:24 | GET /api/v1/config | 200
02:03:29 | GET /api/v1/stats | 200
02:03:29 | GET /api/v1/rooms | 200
02:03:29 | GET /api/v1/config | 200
02:03:34 | GET /api/v1/stats | 200
02:03:34 | GET /api/v1/rooms | 200
02:03:34 | GET /api/v1/config | 200
02:03:39 | GET /api/v1/stats | 200
02:03:39 | GET /api/v1/rooms | 200
02:03:39 | GET /api/v1/config | 200
02:03:44 | GET /api/v1/stats | 200
02:03:44 | GET /api/v1/config | 200
02:03:44 | GET /api/v1/rooms | 200
02:03:49 | GET /api/v1/stats | 200
02:03:49 | GET /api/v1/rooms | 200
02:03:49 | GET /api/v1/config | 200
02:03:54 | GET /api/v1/stats | 200
02:03:54 | GET /api/v1/rooms | 200
02:03:54 | GET /api/v1/config | 200
02:03:59 | GET /api/v1/stats | 200
02:03:59 | GET /api/v1/rooms | 200
02:03:59 | GET /api/v1/config | 200
02:04:04 | GET /api/v1/stats | 200
02:04:04 | GET /api/v1/rooms | 200
02:04:04 | GET /api/v1/config | 200
02:04:09 | GET /api/v1/stats | 200
02:04:09 | GET /api/v1/rooms | 200
02:04:09 | GET /api/v1/config | 200
02:04:14 | GET /api/v1/stats | 200
02:04:14 | GET /api/v1/rooms | 200
02:04:14 | GET /api/v1/config | 200
02:04:19 | GET /api/v1/stats | 200
02:04:19 | GET /api/v1/rooms | 200
02:04:19 | GET /api/v1/config | 200
02:04:24 | GET /api/v1/stats | 200
02:04:24 | GET /api/v1/rooms | 200
02:04:24 | GET /api/v1/config | 200
02:04:29 | GET /api/v1/stats | 200
02:04:29 | GET /api/v1/rooms | 200
02:04:29 | GET /api/v1/config | 200
02:04:34 | GET /api/v1/stats | 200
02:04:34 | GET /api/v1/rooms | 200
02:04:34 | GET /api/v1/config | 200
02:04:39 | GET /api/v1/stats | 200
02:04:39 | GET /api/v1/rooms | 200
02:04:39 | GET /api/v1/config | 200
02:04:46 | GET /api/v1/ping | 200
02:04:46 | GET /api/v1/stats | 200
02:04:46 | GET /api/v1/rooms | 200
02:04:46 | GET /api/v1/config | 200
02:04:47 | GET /api/v1/stats | 200
02:04:47 | GET /api/v1/config | 200
02:04:47 | GET /api/v1/rooms | 200
02:04:50 | GET /api/v1/ping | 200
02:04:50 | OPTIONS /rooms | 404
02:04:54 | GET /api/v1/stats | 200
02:04:54 | GET /api/v1/rooms | 200
02:04:54 | GET /api/v1/config | 200
02:05:00 | GET /api/v1/ping | 200
02:05:00 | GET /api/v1/stats | 200
02:05:00 | GET /api/v1/rooms | 200
02:05:00 | GET /api/v1/config | 200
