========== 云驿 房主端 v1.0.1 ==========
启动时间: 2026-07-29 22:15:18
中继地址: 127.0.0.1:40000
本地MC端口: 25565  HTTP端口: 8081
==========================================
========== 云驿 中继服务器 v1.0.1 ==========
启动时间: 2026-07-29 22:15:18
公网IP: 127.0.0.1  控制端口: 40000  HTTP端口: 8080
端口池: 40001-41000
==========================================
2026-07-29 22:15:18 | 房主端已启动（空闲模式），等待连接指令
2026-07-29 22:15:18 | 公网IP已更新: 127.0.0.1 -> 127.0.0.1
2026-07-29 22:15:18 | 中继服务器已启动, 公网IP: 127.0.0.1
2026-07-29 22:15:18 | 控制端口: 40000 HTTP端口: 8080
========== HTTP 日志 2026-07-29 22:15:18 ==========
22:15:21 | GET / | 200
22:15:21 | GET /Icon.png | 200
22:15:21 | GET /api/v1/ping | 200
22:15:21 | GET /api/v1/stats | 200
22:15:21 | GET /api/v1/rooms | 200
22:15:21 | GET /api/v1/config | 200
22:15:23 | GET /api/v1/logs | 200
22:15:25 | GET /api/v1/logs | 200
22:15:27 | GET /api/v1/logs | 200
22:15:29 | GET /api/v1/logs | 200
22:15:31 | GET /api/v1/logs | 200
22:15:33 | GET /api/v1/logs | 200
22:15:35 | GET /api/v1/logs | 200
22:15:36 | GET /api/v1/stats | 200
22:15:36 | GET /api/v1/rooms | 200
22:15:36 | GET /api/v1/config | 200
22:15:37 | GET /api/v1/logs | 200
22:15:37 | GET /api/v1/stats | 200
22:15:37 | GET /api/v1/rooms | 200
22:15:37 | GET /api/v1/config | 200
22:15:39 | GET /api/v1/logs | 200
22:15:41 | GET /api/v1/logs | 200
22:15:43 | GET /api/v1/logs | 200
22:15:45 | GET /api/v1/logs | 200
22:15:47 | GET /api/v1/logs | 200
22:15:49 | GET /api/v1/logs | 200
22:15:51 | GET /api/v1/logs | 200
22:15:51 | GET /api/v1/stats | 200
22:15:51 | GET /api/v1/rooms | 200
22:15:51 | GET /api/v1/config | 200
22:15:53 | GET /api/v1/logs | 200
22:15:55 | GET /api/v1/logs | 200
22:15:57 | GET /api/v1/logs | 200
22:15:59 | GET /api/v1/logs | 200
22:16:01 | GET /api/v1/logs | 200
22:16:03 | GET /api/v1/logs | 200
22:16:05 | GET /api/v1/logs | 200
22:16:07 | GET /api/v1/logs | 200
22:16:09 | GET /api/v1/logs | 200
22:16:11 | GET /api/v1/logs | 200
