========== 云驿 中继服务器 v1.0.1 ==========
启动时间: 2026-07-28 02:09:05
公网IP: 2408:8469:3c0:6e6d:49dd:e806:8e7:d8ce  控制端口: 40000  HTTP端口: 8080
端口池: 40001-41000
==========================================
2026-07-28 02:09:05 | 公网IP已更新: 127.0.0.1 -> 2408:8469:3c0:6e6d:49dd:e806:8e7:d8ce
2026-07-28 02:09:05 | 中继服务器已启动, 公网IP: 2408:8469:3c0:6e6d:49dd:e806:8e7:d8ce
2026-07-28 02:09:05 | 控制端口: 40000 HTTP端口: 8080
========== HTTP 日志 2026-07-28 02:09:05 ==========
========== 云驿 房主端 v1.0.1 ==========
启动时间: 2026-07-28 02:09:05
中继地址: 2408:8469:3c0:6e6d:49dd:e806:8e7:d8ce:40000
本地MC端口: 25565  HTTP端口: 8081
==========================================
2026-07-28 02:09:05 | 房主端已启动（空闲模式），等待连接指令
02:09:07 | GET / | 200
02:09:07 | GET /Icon.png | 200
02:09:07 | GET /api/v1/ping | 200
02:09:07 | GET /api/v1/stats | 200
02:09:07 | GET /api/v1/rooms | 200
02:09:07 | GET /api/v1/config | 200
02:09:08 | GET /api/v1/stats | 200
02:09:08 | GET /api/v1/rooms | 200
02:09:08 | GET /api/v1/config | 200
02:09:08 | GET /api/v1/stats | 200
02:09:08 | GET /api/v1/rooms | 200
02:09:08 | GET /api/v1/config | 200
02:09:09 | GET /api/v1/stats | 200
02:09:09 | GET /api/v1/rooms | 200
02:09:09 | GET /api/v1/config | 200
02:09:09 | GET /api/v1/logs | 200
02:09:11 | GET /api/v1/logs | 200
02:09:13 | GET /api/v1/logs | 200
02:09:15 | GET /api/v1/logs | 200
02:09:17 | GET /api/v1/logs | 200
02:09:19 | GET /api/v1/logs | 200
02:09:21 | GET /api/v1/logs | 200
02:09:23 | GET /api/v1/logs | 200
02:09:25 | GET /api/v1/logs | 200
02:09:27 | GET /api/v1/logs | 200
02:09:29 | GET /api/v1/logs | 200
02:09:31 | GET /api/v1/logs | 200
02:09:33 | GET /api/v1/logs | 200
02:09:35 | GET /api/v1/logs | 200
02:09:37 | GET /api/v1/logs | 200
02:09:39 | GET /api/v1/logs | 200
02:09:41 | GET /api/v1/logs | 200
02:09:43 | GET /api/v1/logs | 200
02:09:45 | GET /api/v1/logs | 200
02:09:47 | GET /api/v1/logs | 200
02:09:49 | GET /api/v1/logs | 200
02:09:51 | GET /api/v1/logs | 200
02:09:53 | GET /api/v1/logs | 200
02:09:55 | GET /api/v1/logs | 200
02:09:57 | GET /api/v1/logs | 200
02:09:59 | GET /api/v1/logs | 200
02:10:01 | GET /api/v1/logs | 200
02:10:03 | GET /api/v1/logs | 200
02:10:05 | GET /api/v1/logs | 200
02:10:07 | GET /api/v1/logs | 200
02:10:09 | GET /api/v1/logs | 200
02:10:11 | GET /api/v1/logs | 200
02:10:13 | GET /api/v1/logs | 200
02:10:15 | GET /api/v1/logs | 200
02:10:17 | GET /api/v1/logs | 200
02:10:19 | GET /api/v1/logs | 200
02:10:21 | GET /api/v1/logs | 200
02:10:23 | GET /api/v1/logs | 200
02:10:25 | GET /api/v1/logs | 200
02:10:27 | GET /api/v1/logs | 200
02:10:29 | GET /api/v1/logs | 200
02:10:31 | GET /api/v1/logs | 200
02:10:33 | GET /api/v1/logs | 200
02:10:35 | GET /api/v1/logs | 200
02:10:37 | GET /api/v1/logs | 200
02:10:39 | GET /api/v1/logs | 200
02:10:41 | GET /api/v1/logs | 200
02:10:43 | GET /api/v1/logs | 200
02:10:45 | GET /api/v1/logs | 200
02:10:47 | GET /api/v1/logs | 200
02:10:49 | GET /api/v1/logs | 200
02:10:51 | GET /api/v1/logs | 200
02:10:53 | GET /api/v1/logs | 200
02:10:55 | GET /api/v1/logs | 200
02:10:57 | GET /api/v1/logs | 200
02:10:59 | GET /api/v1/logs | 200
02:11:01 | GET /api/v1/logs | 200
02:11:03 | GET /api/v1/logs | 200
02:11:05 | GET /api/v1/logs | 200
02:11:07 | GET /api/v1/logs | 200
02:11:09 | GET /api/v1/logs | 200
02:11:11 | GET /api/v1/logs | 200
02:11:13 | GET /api/v1/logs | 200
02:11:15 | GET /api/v1/logs | 200
02:11:17 | GET /api/v1/logs | 200
02:11:19 | GET /api/v1/logs | 200
02:11:21 | GET /api/v1/logs | 200
02:11:23 | GET /api/v1/logs | 200
02:11:25 | GET /api/v1/logs | 200
02:11:27 | GET /api/v1/logs | 200
02:11:29 | GET /api/v1/logs | 200
02:11:31 | GET /api/v1/logs | 200
02:11:33 | GET /api/v1/logs | 200
02:11:35 | GET /api/v1/logs | 200
02:11:37 | GET /api/v1/logs | 200
02:11:39 | GET /api/v1/logs | 200
02:11:41 | GET /api/v1/logs | 200
02:11:43 | GET /api/v1/logs | 200
02:11:45 | GET /api/v1/logs | 200
02:11:47 | GET /api/v1/logs | 200
02:11:49 | GET /api/v1/logs | 200
02:11:51 | GET /api/v1/logs | 200
02:11:53 | GET /api/v1/logs | 200
02:11:55 | GET /api/v1/logs | 200
02:11:57 | GET /api/v1/logs | 200
02:11:59 | GET /api/v1/logs | 200
02:12:01 | GET /api/v1/logs | 200
02:12:03 | GET /api/v1/logs | 200
02:12:05 | GET /api/v1/logs | 200
02:12:07 | GET /api/v1/logs | 200
02:12:09 | GET /api/v1/logs | 200
02:12:11 | GET /api/v1/logs | 200
02:12:13 | GET /api/v1/logs | 200
02:12:15 | GET /api/v1/logs | 200
02:12:17 | GET /api/v1/logs | 200
02:12:19 | GET /api/v1/logs | 200
02:12:21 | GET /api/v1/logs | 200
02:12:23 | GET /api/v1/logs | 200
02:12:25 | GET /api/v1/logs | 200
02:12:27 | GET /api/v1/logs | 200
02:12:29 | GET /api/v1/logs | 200
02:12:31 | GET /api/v1/logs | 200
02:12:33 | GET /api/v1/logs | 200
02:12:35 | GET /api/v1/logs | 200
02:12:37 | GET /api/v1/logs | 200
02:12:39 | GET /api/v1/logs | 200
02:12:41 | GET /api/v1/logs | 200
02:12:43 | GET /api/v1/logs | 200
02:12:45 | GET /api/v1/logs | 200
02:12:47 | GET /api/v1/logs | 200
02:12:49 | GET /api/v1/logs | 200
02:12:51 | GET /api/v1/logs | 200
02:12:53 | GET /api/v1/logs | 200
02:12:55 | GET /api/v1/logs | 200
02:12:57 | GET /api/v1/logs | 200
02:12:59 | GET /api/v1/logs | 200
02:13:01 | GET /api/v1/logs | 200
02:13:03 | GET /api/v1/logs | 200
02:13:05 | GET /api/v1/logs | 200
02:13:07 | GET /api/v1/logs | 200
02:13:09 | GET /api/v1/logs | 200
02:13:11 | GET /api/v1/logs | 200
02:13:13 | GET /api/v1/logs | 200
02:13:15 | GET /api/v1/logs | 200
02:13:17 | GET /api/v1/logs | 200
02:13:19 | GET /api/v1/logs | 200
02:13:21 | GET /api/v1/logs | 200
02:13:23 | GET /api/v1/logs | 200
02:13:25 | GET /api/v1/logs | 200
02:13:27 | GET /api/v1/logs | 200
02:13:29 | GET /api/v1/logs | 200
02:13:31 | GET /api/v1/logs | 200
02:13:33 | GET /api/v1/logs | 200
02:13:35 | GET /api/v1/logs | 200
02:13:37 | GET /api/v1/logs | 200
02:13:39 | GET /api/v1/logs | 200
02:13:41 | GET /api/v1/logs | 200
02:13:43 | GET /api/v1/logs | 200
02:13:45 | GET /api/v1/logs | 200
02:13:47 | GET /api/v1/logs | 200
02:13:49 | GET /api/v1/logs | 200
02:13:51 | GET /api/v1/logs | 200
02:13:53 | GET /api/v1/logs | 200
02:13:55 | GET /api/v1/logs | 200
02:13:57 | GET /api/v1/logs | 200
02:13:59 | GET /api/v1/logs | 200
02:14:01 | GET /api/v1/logs | 200
02:14:03 | GET /api/v1/logs | 200
02:14:05 | GET /api/v1/logs | 200
02:14:07 | GET /api/v1/logs | 200
02:14:09 | GET /api/v1/logs | 200
02:14:11 | GET /api/v1/logs | 200
02:14:13 | GET /api/v1/logs | 200
02:14:15 | GET /api/v1/logs | 200
02:14:17 | GET /api/v1/logs | 200
02:14:19 | GET /api/v1/logs | 200
02:14:21 | GET /api/v1/logs | 200
02:14:23 | GET /api/v1/logs | 200
02:14:25 | GET /api/v1/logs | 200
02:14:27 | GET /api/v1/logs | 200
02:14:29 | GET /api/v1/logs | 200
02:14:31 | GET /api/v1/logs | 200
02:14:33 | GET /api/v1/logs | 200
02:14:35 | GET /api/v1/logs | 200
02:14:37 | GET /api/v1/logs | 200
02:14:39 | GET /api/v1/logs | 200
02:14:41 | GET /api/v1/logs | 200
02:14:43 | GET /api/v1/logs | 200
02:14:45 | GET /api/v1/logs | 200
02:14:47 | GET /api/v1/logs | 200
02:14:49 | GET /api/v1/logs | 200
02:14:51 | GET /api/v1/logs | 200
02:14:53 | GET /api/v1/logs | 200
02:14:55 | GET /api/v1/logs | 200
02:14:57 | GET /api/v1/logs | 200
02:14:59 | GET /api/v1/logs | 200
02:15:01 | GET /api/v1/logs | 200
02:15:03 | GET /api/v1/logs | 200
02:15:05 | GET /api/v1/logs | 200
02:15:07 | GET /api/v1/logs | 200
02:15:09 | GET /api/v1/logs | 200
02:15:11 | GET /api/v1/logs | 200
02:15:13 | GET /api/v1/logs | 200
02:15:15 | GET /api/v1/logs | 200
02:15:17 | GET /api/v1/logs | 200
02:15:19 | GET /api/v1/logs | 200
02:15:21 | GET /api/v1/logs | 200
02:15:23 | GET /api/v1/logs | 200
02:15:25 | GET /api/v1/logs | 200
02:15:27 | GET /api/v1/logs | 200
02:15:29 | GET /api/v1/logs | 200
02:15:31 | GET /api/v1/logs | 200
02:15:33 | GET /api/v1/logs | 200
02:15:35 | GET /api/v1/logs | 200
02:15:37 | GET /api/v1/logs | 200
02:15:39 | GET /api/v1/logs | 200
02:15:41 | GET /api/v1/logs | 200
02:15:43 | GET /api/v1/logs | 200
02:15:45 | GET /api/v1/logs | 200
02:15:47 | GET /api/v1/logs | 200
02:15:49 | GET /api/v1/logs | 200
02:15:51 | GET /api/v1/logs | 200
02:15:53 | GET /api/v1/logs | 200
02:15:55 | GET /api/v1/logs | 200
02:15:57 | GET /api/v1/logs | 200
02:15:59 | GET /api/v1/logs | 200
02:16:01 | GET /api/v1/logs | 200
02:16:03 | GET /api/v1/logs | 200
02:16:05 | GET /api/v1/logs | 200
02:16:07 | GET /api/v1/logs | 200
02:16:09 | GET /api/v1/logs | 200
02:16:11 | GET /api/v1/logs | 200
02:16:13 | GET /api/v1/logs | 200
02:16:15 | GET /api/v1/logs | 200
02:16:17 | GET /api/v1/logs | 200
02:16:19 | GET /api/v1/logs | 200
02:16:21 | GET /api/v1/logs | 200
02:16:23 | GET /api/v1/logs | 200
02:16:25 | GET /api/v1/logs | 200
02:16:27 | GET /api/v1/logs | 200
02:16:29 | GET /api/v1/logs | 200
02:16:31 | GET /api/v1/logs | 200
02:16:33 | GET /api/v1/logs | 200
02:16:35 | GET /api/v1/logs | 200
02:16:37 | GET /api/v1/logs | 200
02:16:39 | GET /api/v1/logs | 200
02:16:41 | GET /api/v1/logs | 200
02:16:43 | GET /api/v1/logs | 200
02:16:45 | GET /api/v1/logs | 200
02:16:47 | GET /api/v1/logs | 200
02:16:49 | GET /api/v1/logs | 200
02:16:51 | GET /api/v1/logs | 200
02:16:53 | GET /api/v1/logs | 200
02:16:55 | GET /api/v1/logs | 200
02:16:57 | GET /api/v1/logs | 200
02:16:59 | GET /api/v1/logs | 200
02:17:01 | GET /api/v1/logs | 200
02:17:03 | GET /api/v1/logs | 200
02:17:05 | GET /api/v1/logs | 200
02:17:07 | GET /api/v1/logs | 200
02:17:09 | GET /api/v1/logs | 200
02:17:11 | GET /api/v1/logs | 200
02:17:13 | GET /api/v1/logs | 200
02:17:15 | GET /api/v1/logs | 200
02:17:17 | GET /api/v1/logs | 200
02:17:19 | GET /api/v1/logs | 200
02:17:21 | GET /api/v1/logs | 200
02:17:23 | GET /api/v1/logs | 200
02:17:25 | GET /api/v1/logs | 200
02:17:27 | GET /api/v1/logs | 200
02:17:29 | GET /api/v1/logs | 200
02:17:31 | GET /api/v1/logs | 200
02:17:33 | GET /api/v1/logs | 200
02:17:35 | GET /api/v1/logs | 200
02:17:37 | GET /api/v1/logs | 200
02:17:39 | GET /api/v1/logs | 200
02:17:41 | GET /api/v1/logs | 200
02:17:43 | GET /api/v1/logs | 200
02:17:45 | GET /api/v1/logs | 200
02:17:47 | GET /api/v1/logs | 200
02:17:49 | GET /api/v1/logs | 200
02:17:51 | GET /api/v1/logs | 200
02:17:53 | GET /api/v1/logs | 200
02:17:55 | GET /api/v1/logs | 200
02:17:57 | GET /api/v1/logs | 200
02:17:59 | GET /api/v1/logs | 200
02:18:01 | GET /api/v1/logs | 200
02:18:03 | GET /api/v1/logs | 200
02:18:05 | GET /api/v1/logs | 200
02:18:07 | GET /api/v1/logs | 200
02:18:09 | GET /api/v1/logs | 200
02:18:11 | GET /api/v1/logs | 200
02:18:13 | GET /api/v1/logs | 200
02:18:15 | GET /api/v1/logs | 200
02:18:17 | GET /api/v1/logs | 200
02:18:19 | GET /api/v1/logs | 200
02:18:21 | GET /api/v1/logs | 200
02:18:23 | GET /api/v1/logs | 200
02:18:25 | GET /api/v1/logs | 200
02:18:27 | GET /api/v1/logs | 200
02:18:29 | GET /api/v1/logs | 200
02:18:31 | GET /api/v1/logs | 200
02:18:33 | GET /api/v1/logs | 200
02:18:35 | GET /api/v1/logs | 200
02:18:37 | GET /api/v1/logs | 200
02:18:39 | GET /api/v1/logs | 200
02:18:41 | GET /api/v1/logs | 200
02:18:43 | GET /api/v1/logs | 200
02:18:45 | GET /api/v1/logs | 200
02:18:47 | GET /api/v1/logs | 200
02:18:49 | GET /api/v1/logs | 200
02:18:51 | GET /api/v1/logs | 200
02:18:53 | GET /api/v1/logs | 200
02:18:55 | GET /api/v1/logs | 200
02:18:57 | GET /api/v1/logs | 200
02:18:59 | GET /api/v1/logs | 200
02:19:01 | GET /api/v1/logs | 200
02:19:03 | GET /api/v1/logs | 200
02:19:05 | GET /api/v1/logs | 200
02:19:07 | GET /api/v1/logs | 200
02:19:09 | GET /api/v1/logs | 200
02:19:11 | GET /api/v1/logs | 200
02:19:13 | GET /api/v1/logs | 200
02:19:15 | GET /api/v1/logs | 200
02:19:17 | GET /api/v1/logs | 200
02:19:19 | GET /api/v1/logs | 200
02:19:21 | GET /api/v1/logs | 200
02:19:23 | GET /api/v1/logs | 200
02:19:25 | GET /api/v1/logs | 200
02:19:27 | GET /api/v1/logs | 200
02:19:29 | GET /api/v1/logs | 200
02:19:31 | GET /api/v1/logs | 200
02:19:33 | GET /api/v1/logs | 200
02:19:35 | GET /api/v1/logs | 200
02:19:37 | GET /api/v1/logs | 200
02:19:39 | GET /api/v1/logs | 200
02:19:41 | GET /api/v1/logs | 200
02:19:43 | GET /api/v1/logs | 200
02:19:45 | GET /api/v1/logs | 200
02:19:47 | GET /api/v1/logs | 200
02:19:49 | GET /api/v1/logs | 200
02:19:51 | GET /api/v1/logs | 200
02:19:53 | GET /api/v1/logs | 200
02:19:55 | GET /api/v1/logs | 200
02:19:57 | GET /api/v1/logs | 200
02:19:59 | GET /api/v1/logs | 200
02:20:01 | GET /api/v1/logs | 200
02:20:03 | GET /api/v1/logs | 200
02:20:05 | GET /api/v1/logs | 200
02:20:07 | GET /api/v1/logs | 200
02:20:09 | GET /api/v1/logs | 200
02:20:11 | GET /api/v1/logs | 200
02:20:13 | GET /api/v1/logs | 200
02:20:15 | GET /api/v1/logs | 200
02:20:17 | GET /api/v1/logs | 200
02:20:19 | GET /api/v1/logs | 200
02:20:21 | GET /api/v1/logs | 200
02:20:23 | GET /api/v1/logs | 200
02:20:25 | GET /api/v1/logs | 200
02:20:27 | GET /api/v1/logs | 200
02:20:29 | GET /api/v1/logs | 200
02:20:31 | GET /api/v1/logs | 200
02:20:33 | GET /api/v1/logs | 200
02:20:35 | GET /api/v1/logs | 200
02:20:37 | GET /api/v1/logs | 200
02:20:39 | GET /api/v1/logs | 200
02:20:41 | GET /api/v1/logs | 200
02:20:43 | GET /api/v1/logs | 200
02:20:45 | GET /api/v1/logs | 200
02:20:47 | GET /api/v1/logs | 200
02:20:49 | GET /api/v1/logs | 200
02:20:51 | GET /api/v1/logs | 200
02:20:53 | GET /api/v1/logs | 200
02:20:55 | GET /api/v1/logs | 200
02:20:57 | GET /api/v1/logs | 200
02:20:59 | GET /api/v1/logs | 200
02:21:01 | GET /api/v1/logs | 200
02:21:03 | GET /api/v1/logs | 200
02:21:05 | GET /api/v1/logs | 200
02:21:07 | GET /api/v1/logs | 200
02:21:09 | GET /api/v1/logs | 200
02:21:11 | GET /api/v1/logs | 200
02:21:13 | GET /api/v1/logs | 200
02:21:15 | GET /api/v1/logs | 200
02:21:17 | GET /api/v1/logs | 200
02:21:19 | GET /api/v1/logs | 200
02:21:21 | GET /api/v1/logs | 200
02:21:23 | GET /api/v1/logs | 200
02:21:25 | GET /api/v1/logs | 200
02:21:27 | GET /api/v1/logs | 200
02:21:29 | GET /api/v1/logs | 200
02:21:31 | GET /api/v1/logs | 200
02:21:33 | GET /api/v1/logs | 200
02:21:35 | GET /api/v1/logs | 200
02:21:37 | GET /api/v1/logs | 200
02:21:39 | GET /api/v1/logs | 200
02:21:41 | GET /api/v1/logs | 200
02:21:43 | GET /api/v1/logs | 200
02:21:45 | GET /api/v1/logs | 200
02:21:47 | GET /api/v1/logs | 200
02:21:49 | GET /api/v1/logs | 200
02:21:51 | GET /api/v1/logs | 200
02:21:53 | GET /api/v1/logs | 200
02:21:55 | GET /api/v1/logs | 200
02:21:57 | GET /api/v1/logs | 200
02:21:59 | GET /api/v1/logs | 200
02:22:01 | GET /api/v1/logs | 200
02:22:03 | GET /api/v1/logs | 200
02:22:05 | GET /api/v1/logs | 200
02:22:07 | GET /api/v1/logs | 200
02:22:09 | GET /api/v1/logs | 200
02:22:11 | GET /api/v1/logs | 200
02:22:13 | GET /api/v1/logs | 200
02:22:15 | GET /api/v1/logs | 200
02:22:17 | GET /api/v1/logs | 200
02:22:19 | GET /api/v1/logs | 200
02:22:21 | GET /api/v1/logs | 200
02:22:23 | GET /api/v1/logs | 200
02:22:25 | GET /api/v1/logs | 200
02:22:27 | GET /api/v1/logs | 200
02:22:29 | GET /api/v1/logs | 200
02:22:31 | GET /api/v1/logs | 200
02:22:33 | GET /api/v1/logs | 200
02:22:35 | GET /api/v1/logs | 200
02:22:37 | GET /api/v1/logs | 200
02:22:39 | GET /api/v1/logs | 200
02:22:41 | GET /api/v1/logs | 200
02:22:43 | GET /api/v1/logs | 200
02:22:45 | GET /api/v1/logs | 200
02:22:47 | GET /api/v1/logs | 200
02:22:49 | GET /api/v1/logs | 200
02:22:51 | GET /api/v1/logs | 200
02:22:53 | GET /api/v1/logs | 200
02:22:55 | GET /api/v1/logs | 200
02:22:57 | GET /api/v1/logs | 200
02:22:59 | GET /api/v1/logs | 200
02:23:01 | GET /api/v1/logs | 200
02:23:03 | GET /api/v1/logs | 200
02:23:05 | GET /api/v1/logs | 200
02:23:07 | GET /api/v1/logs | 200
02:23:09 | GET /api/v1/logs | 200
02:23:11 | GET /api/v1/logs | 200
02:23:13 | GET /api/v1/logs | 200
02:23:15 | GET /api/v1/logs | 200
02:23:17 | GET /api/v1/logs | 200
02:23:19 | GET /api/v1/logs | 200
02:23:21 | GET /api/v1/logs | 200
02:23:23 | GET /api/v1/logs | 200
02:23:25 | GET /api/v1/logs | 200
02:23:27 | GET /api/v1/logs | 200
02:23:29 | GET /api/v1/logs | 200
02:23:31 | GET /api/v1/logs | 200
02:23:33 | GET /api/v1/logs | 200
02:23:35 | GET /api/v1/logs | 200
02:23:37 | GET /api/v1/logs | 200
02:23:39 | GET /api/v1/logs | 200
02:23:41 | GET /api/v1/logs | 200
02:23:43 | GET /api/v1/logs | 200
02:23:45 | GET /api/v1/logs | 200
02:23:47 | GET /api/v1/logs | 200
02:23:49 | GET /api/v1/logs | 200
02:23:51 | GET /api/v1/logs | 200
02:23:53 | GET /api/v1/logs | 200
02:23:55 | GET /api/v1/logs | 200
02:23:57 | GET /api/v1/logs | 200
02:23:59 | GET /api/v1/logs | 200
02:24:01 | GET /api/v1/logs | 200
02:24:03 | GET /api/v1/logs | 200
02:24:05 | GET /api/v1/logs | 200
02:24:07 | GET /api/v1/logs | 200
02:24:09 | GET /api/v1/logs | 200
02:24:11 | GET /api/v1/logs | 200
02:24:13 | GET /api/v1/logs | 200
02:24:15 | GET /api/v1/logs | 200
02:24:17 | GET /api/v1/logs | 200
02:24:19 | GET /api/v1/logs | 200
02:24:21 | GET /api/v1/logs | 200
02:24:23 | GET /api/v1/logs | 200
02:24:25 | GET /api/v1/logs | 200
02:24:27 | GET /api/v1/logs | 200
02:24:29 | GET /api/v1/logs | 200
02:24:31 | GET /api/v1/logs | 200
02:24:33 | GET /api/v1/logs | 200
02:24:35 | GET /api/v1/logs | 200
02:24:37 | GET /api/v1/logs | 200
02:24:39 | GET /api/v1/logs | 200
02:24:41 | GET /api/v1/logs | 200
02:24:43 | GET /api/v1/logs | 200
02:24:45 | GET /api/v1/logs | 200
02:24:47 | GET /api/v1/logs | 200
02:24:49 | GET /api/v1/logs | 200
02:24:51 | GET /api/v1/logs | 200
02:24:53 | GET /api/v1/logs | 200
02:24:55 | GET /api/v1/logs | 200
02:24:57 | GET /api/v1/logs | 200
02:24:59 | GET /api/v1/logs | 200
02:25:01 | GET /api/v1/logs | 200
02:25:03 | GET /api/v1/logs | 200
02:25:05 | GET /api/v1/logs | 200
02:25:07 | GET /api/v1/logs | 200
02:25:09 | GET /api/v1/logs | 200
02:25:11 | GET /api/v1/logs | 200
02:25:13 | GET /api/v1/logs | 200
02:25:15 | GET /api/v1/logs | 200
02:25:17 | GET /api/v1/logs | 200
02:25:19 | GET /api/v1/logs | 200
02:25:21 | GET /api/v1/logs | 200
02:25:23 | GET /api/v1/logs | 200
02:25:25 | GET /api/v1/logs | 200
02:25:27 | GET /api/v1/logs | 200
02:25:29 | GET /api/v1/logs | 200
02:25:31 | GET /api/v1/logs | 200
02:25:33 | GET /api/v1/logs | 200
02:25:35 | GET /api/v1/logs | 200
02:25:37 | GET /api/v1/logs | 200
02:25:39 | GET /api/v1/logs | 200
02:25:41 | GET /api/v1/logs | 200
02:25:43 | GET /api/v1/logs | 200
02:25:45 | GET /api/v1/logs | 200
02:25:47 | GET /api/v1/logs | 200
02:25:49 | GET /api/v1/logs | 200
02:25:51 | GET /api/v1/logs | 200
02:25:53 | GET /api/v1/logs | 200
02:25:55 | GET /api/v1/logs | 200
02:25:57 | GET /api/v1/logs | 200
02:25:59 | GET /api/v1/logs | 200
02:26:01 | GET /api/v1/logs | 200
02:26:03 | GET /api/v1/logs | 200
02:26:05 | GET /api/v1/logs | 200
02:26:07 | GET /api/v1/logs | 200
02:26:09 | GET /api/v1/logs | 200
02:26:11 | GET /api/v1/logs | 200
02:26:13 | GET /api/v1/logs | 200
02:26:15 | GET /api/v1/logs | 200
02:26:17 | GET /api/v1/logs | 200
02:26:19 | GET /api/v1/logs | 200
02:26:21 | GET /api/v1/logs | 200
02:26:23 | GET /api/v1/logs | 200
02:26:25 | GET /api/v1/logs | 200
02:26:27 | GET /api/v1/logs | 200
02:26:29 | GET /api/v1/logs | 200
02:26:31 | GET /api/v1/logs | 200
02:26:33 | GET /api/v1/logs | 200
02:26:35 | GET /api/v1/logs | 200
02:26:37 | GET /api/v1/logs | 200
02:26:39 | GET /api/v1/logs | 200
02:26:41 | GET /api/v1/logs | 200
02:26:43 | GET /api/v1/logs | 200
02:26:45 | GET /api/v1/logs | 200
02:26:47 | GET /api/v1/logs | 200
02:26:49 | GET /api/v1/logs | 200
02:26:51 | GET /api/v1/logs | 200
