========== 云驿 房主端 v1.0.1 ==========
启动时间: 2026-07-27 23:21:31
中继地址: 2408:8469:3c0:6e6d:49dd:e806:8e7:d8ce:40000
本地MC端口: 25565  HTTP端口: 8081
==========================================
========== 云驿 中继服务器 v1.0.1 ==========
启动时间: 2026-07-27 23:21:31
公网IP: 2408:8469:3c0:6e6d:49dd:e806:8e7:d8ce  控制端口: 40000  HTTP端口: 8080
端口池: 40001-41000
==========================================
2026-07-27 23:21:31 | 房主端已启动（空闲模式），等待连接指令
2026-07-27 23:21:31 | 公网IP已更新: 127.0.0.1 -> 2408:8469:3c0:6e6d:49dd:e806:8e7:d8ce
2026-07-27 23:21:31 | 中继服务器已启动, 公网IP: 2408:8469:3c0:6e6d:49dd:e806:8e7:d8ce
2026-07-27 23:21:31 | 控制端口: 40000 HTTP端口: 8080
========== HTTP 日志 2026-07-27 23:21:31 ==========
23:21:33 | GET / | 200
23:21:33 | GET /api/v1/ping | 200
23:21:33 | GET /Icon.png | 200
23:21:33 | GET /api/v1/stats | 200
23:21:33 | GET /api/v1/rooms | 200
23:21:33 | GET /api/v1/config | 200
23:21:35 | GET /api/v1/logs | 200
23:21:36 | GET /api/v1/stats | 200
23:21:36 | GET /api/v1/rooms | 200
23:21:36 | GET /api/v1/config | 200
23:21:37 | GET /api/v1/stats | 200
23:21:37 | GET /api/v1/rooms | 200
23:21:37 | GET /api/v1/config | 200
23:21:37 | GET /api/v1/logs | 200
23:21:38 | GET /api/v1/stats | 200
23:21:38 | GET /api/v1/rooms | 200
23:21:38 | GET /api/v1/config | 200
23:21:38 | GET /api/v1/stats | 200
23:21:38 | GET /api/v1/rooms | 200
23:21:38 | GET /api/v1/config | 200
23:21:38 | GET /api/v1/stats | 200
23:21:38 | GET /api/v1/rooms | 200
23:21:38 | GET /api/v1/config | 200
23:21:39 | GET /api/v1/logs | 200
23:21:40 | GET /api/v1/stats | 200
23:21:40 | GET /api/v1/rooms | 200
23:21:40 | GET /api/v1/config | 200
23:21:41 | GET /api/v1/stats | 200
23:21:41 | GET /api/v1/rooms | 200
23:21:41 | GET /api/v1/config | 200
23:21:41 | GET /api/v1/logs | 200
23:21:43 | GET /api/v1/logs | 200
23:21:45 | GET /api/v1/logs | 200
23:21:47 | GET /api/v1/logs | 200
23:21:49 | GET /api/v1/logs | 200
23:21:51 | GET /api/v1/logs | 200
23:21:52 | GET /api/v1/stats | 200
23:21:52 | GET /api/v1/rooms | 200
23:21:52 | GET /api/v1/config | 200
23:21:53 | GET /api/v1/logs | 200
23:21:55 | GET /api/v1/logs | 200
23:21:57 | GET /api/v1/logs | 200
23:21:58 | GET /api/v1/stats | 200
23:21:58 | GET /api/v1/rooms | 200
23:21:58 | GET /api/v1/config | 200
23:21:59 | GET /api/v1/logs | 200
