========== 云驿 房主端 v1.0.1 ==========
启动时间: 2026-07-28 02:05:05
中继地址: 2408:8469:3c0:6e6d:49dd:e806:8e7:d8ce:40000
本地MC端口: 25565  HTTP端口: 8081
==========================================
========== 云驿 中继服务器 v1.0.1 ==========
启动时间: 2026-07-28 02:05:05
公网IP: 2408:8469:3c0:6e6d:49dd:e806:8e7:d8ce  控制端口: 40000  HTTP端口: 8080
端口池: 40001-41000
==========================================
2026-07-28 02:05:05 | 房主端已启动（空闲模式），等待连接指令
2026-07-28 02:05:05 | 公网IP已更新: 127.0.0.1 -> 2408:8469:3c0:6e6d:49dd:e806:8e7:d8ce
2026-07-28 02:05:05 | 中继服务器已启动, 公网IP: 2408:8469:3c0:6e6d:49dd:e806:8e7:d8ce
2026-07-28 02:05:05 | 控制端口: 40000 HTTP端口: 8080
========== HTTP 日志 2026-07-28 02:05:05 ==========
02:05:07 | GET / | 200
02:05:07 | GET /Icon.png | 200
02:05:07 | GET /api/v1/ping | 200
02:05:07 | GET /api/v1/stats | 200
02:05:07 | GET /api/v1/rooms | 200
02:05:07 | GET /api/v1/config | 200
02:05:09 | GET /api/v1/logs | 200
02:05:10 | GET /api/v1/stats | 200
02:05:10 | GET /api/v1/rooms | 200
02:05:10 | GET /api/v1/config | 200
02:05:11 | GET /api/v1/stats | 200
02:05:11 | GET /api/v1/rooms | 200
02:05:11 | GET /api/v1/config | 200
02:05:11 | GET /api/v1/logs | 200
02:05:13 | GET /api/v1/logs | 200
