========== yunyi HTTP log 2026-07-22 00:56:03 ==========
00:56:05 | GET / | 200
00:56:05 | GET /api/v1/ping | 200
00:56:05 | GET /api/v1/stats | 200
00:56:05 | GET /api/v1/rooms | 200
00:56:05 | GET /api/v1/config | 200
00:56:05 | GET /favicon.ico | 404
00:56:06 | GET /api/v1/rooms | 200
00:56:06 | GET /api/v1/stats | 200
00:56:06 | GET /api/v1/config | 200
00:56:07 | GET /api/v1/logs | 200
00:56:07 | GET /api/v1/rooms | 200
00:56:07 | GET /api/v1/stats | 200
00:56:07 | GET /api/v1/config | 200
00:56:09 | GET /api/v1/logs | 200
00:56:11 | GET /api/v1/logs | 200
00:56:13 | GET /api/v1/logs | 200
00:56:15 | GET /api/v1/logs | 200
00:56:17 | GET /api/v1/logs | 200
00:56:19 | GET /api/v1/ping | 200
00:56:19 | POST /api/v1/rooms | 201 | body:{"roomName":"房间_1784652979163","localMcPort":25565}
00:56:19 | GET /api/v1/rooms | 200
00:56:19 | GET /api/v1/stats | 200
00:56:19 | GET /api/v1/config | 200
00:56:19 | GET /api/v1/logs | 200
00:56:21 | GET /api/v1/logs | 200
00:56:23 | GET /api/v1/logs | 200
00:56:23 | GET /api/v1/stats | 200
00:56:23 | GET /api/v1/config | 200
00:56:23 | GET /api/v1/rooms | 200
00:56:25 | GET /api/v1/logs | 200
00:56:26 | GET /api/v1/stats | 200
00:56:26 | GET /api/v1/config | 200
00:56:26 | GET /api/v1/rooms | 200
00:56:27 | GET /api/v1/logs | 200
00:56:27 | GET /api/v1/stats | 200
00:56:27 | GET /api/v1/config | 200
00:56:27 | GET /api/v1/rooms | 200
00:56:29 | GET /api/v1/logs | 200
00:56:31 | GET /api/v1/logs | 200
00:56:33 | GET /api/v1/logs | 200
00:56:35 | GET /api/v1/logs | 200
00:56:37 | GET /api/v1/logs | 200
00:56:39 | GET /api/v1/logs | 200
00:56:41 | GET /api/v1/logs | 200
00:56:43 | GET /api/v1/logs | 200
00:56:45 | GET /api/v1/logs | 200
00:56:47 | GET /api/v1/logs | 200
00:56:49 | GET /api/v1/logs | 200
00:56:51 | GET /api/v1/logs | 200
00:56:53 | GET /api/v1/logs | 200
00:56:55 | GET /api/v1/logs | 200
00:56:57 | GET /api/v1/logs | 200
00:56:59 | GET /api/v1/logs | 200
00:57:01 | GET /api/v1/logs | 200
00:57:03 | GET /api/v1/logs | 200
00:57:05 | GET /api/v1/logs | 200
00:57:06 | GET /api/v1/stats | 200
00:57:06 | GET /api/v1/rooms | 200
00:57:06 | GET /api/v1/config | 200
00:57:07 | GET /api/v1/logs | 200
00:57:09 | GET /api/v1/logs | 200
00:57:11 | GET /api/v1/logs | 200
00:57:12 | GET /api/v1/config | 200
00:57:12 | GET /api/v1/stats | 200
00:57:12 | GET /api/v1/rooms | 200
00:57:12 | GET /api/v1/stats | 200
00:57:12 | GET /api/v1/config | 200
00:57:12 | GET /api/v1/rooms | 200
00:57:13 | GET /api/v1/logs | 200
00:57:15 | GET /api/v1/logs | 200
00:57:17 | GET /api/v1/logs | 200
00:57:19 | GET /api/v1/logs | 200
00:57:21 | GET /api/v1/logs | 200
00:57:23 | GET /api/v1/logs | 200
00:57:25 | GET /api/v1/logs | 200
00:57:25 | GET /api/v1/ping | 200
00:57:25 | POST /api/v1/rooms | 201 | body:{"roomName":"房间_1784653045945","localMcPort":25565}
00:57:25 | GET /api/v1/rooms | 200
00:57:25 | GET /api/v1/stats | 200
00:57:25 | GET /api/v1/config | 200
00:57:27 | GET /api/v1/logs | 200
00:57:29 | GET /api/v1/logs | 200
00:57:31 | GET /api/v1/logs | 200
00:57:33 | GET /api/v1/logs | 200
00:57:35 | GET /api/v1/logs | 200
00:57:35 | GET /api/v1/stats | 200
00:57:35 | GET /api/v1/config | 200
00:57:35 | GET /api/v1/rooms | 200
00:57:37 | GET /api/v1/logs | 200
00:57:39 | GET /api/v1/logs | 200
00:57:41 | GET /api/v1/logs | 200
