========== yunyi HTTP log 2026-07-23 22:15:01 ==========
22:15:03 | GET / | 200
22:15:03 | GET /api/v1/ping | 200
22:15:03 | GET /api/v1/stats | 200
22:15:03 | GET /api/v1/rooms | 200
22:15:03 | GET /api/v1/config | 200
22:15:03 | GET /favicon.ico | 404
22:15:05 | GET /api/v1/logs | 200
22:15:07 | GET /api/v1/rooms | 200
22:15:07 | GET /api/v1/stats | 200
22:15:07 | GET /api/v1/config | 200
22:15:07 | GET /api/v1/logs | 200
22:15:09 | GET /api/v1/logs | 200
22:15:11 | GET /api/v1/rooms | 200
22:15:11 | GET /api/v1/stats | 200
22:15:11 | GET /api/v1/config | 200
22:15:11 | GET /api/v1/logs | 200
22:15:12 | GET /api/v1/rooms | 200
22:15:12 | GET /api/v1/stats | 200
22:15:12 | GET /api/v1/config | 200
22:15:13 | GET /api/v1/logs | 200
22:15:13 | GET /api/v1/rooms | 200
22:15:13 | GET /api/v1/config | 200
22:15:13 | GET /api/v1/stats | 200
22:15:15 | GET /api/v1/logs | 200
22:15:17 | GET /api/v1/logs | 200
22:15:19 | GET /api/v1/rooms | 200
22:15:19 | GET /api/v1/stats | 200
22:15:19 | GET /api/v1/config | 200
22:15:19 | GET /api/v1/logs | 200
22:15:21 | GET /api/v1/rooms | 200
22:15:21 | GET /api/v1/stats | 200
22:15:21 | GET /api/v1/config | 200
22:15:21 | GET /api/v1/logs | 200
22:15:21 | GET /api/v1/rooms | 200
22:15:21 | GET /api/v1/stats | 200
22:15:21 | GET /api/v1/config | 200
22:15:22 | GET /api/v1/rooms | 200
22:15:22 | GET /api/v1/stats | 200
22:15:22 | GET /api/v1/config | 200
22:15:23 | GET /api/v1/logs | 200
22:15:24 | GET /api/v1/rooms | 200
22:15:24 | GET /api/v1/stats | 200
22:15:24 | GET /api/v1/config | 200
22:15:25 | GET /api/v1/rooms | 200
22:15:25 | GET /api/v1/stats | 200
22:15:25 | GET /api/v1/config | 200
22:15:25 | GET /api/v1/rooms | 200
22:15:25 | GET /api/v1/stats | 200
22:15:25 | GET /api/v1/config | 200
22:15:25 | GET /api/v1/logs | 200
